2026-04-09 19:33:06 [INFO ] [db] Waiting for database connection...
2026-04-09 19:33:06 [INFO ] [db] New database client connected
2026-04-09 19:33:06 [INFO ] [db] Database connection established
2026-04-09 19:33:18 [INFO ] [express] serving on port 5001
2026-04-09 19:33:35 [WARN ] [app] [vite] WARNING: @vite/client still present in HTML
2026-04-09 19:33:37 [DEBUG] [db] Database client removed from pool
2026-04-09 19:33:40 [INFO ] [express] GET /api/auth/me 401 in 5ms
2026-04-09 19:33:44 [INFO ] [db] New database client connected
2026-04-09 19:33:45 [INFO ] [auth] User logged in: admin@rt.ru (author) from 127.0.0.1
2026-04-09 19:33:45 [INFO ] [express] POST /api/auth/login 200 in 248ms
2026-04-09 19:33:45 [INFO ] [express] GET /api/folders 304 in 8ms
2026-04-09 19:33:45 [INFO ] [db] New database client connected
2026-04-09 19:33:45 [INFO ] [db] New database client connected
2026-04-09 19:33:45 [INFO ] [db] New database client connected
2026-04-09 19:33:45 [INFO ] [db] New database client connected
2026-04-09 19:33:45 [INFO ] [db] New database client connected
2026-04-09 19:33:45 [INFO ] [db] New database client connected
2026-04-09 19:33:45 [INFO ] [db] New database client connected
2026-04-09 19:33:45 [INFO ] [db] New database client connected
2026-04-09 19:33:45 [INFO ] [db] New database client connected
2026-04-09 19:33:45 [INFO ] [db] New database client connected
2026-04-09 19:33:45 [INFO ] [db] New database client connected
2026-04-09 19:33:45 [INFO ] [db] New database client connected
2026-04-09 19:33:45 [INFO ] [db] New database client connected
2026-04-09 19:33:45 [INFO ] [db] New database client connected
2026-04-09 19:33:45 [INFO ] [db] New database client connected
2026-04-09 19:33:45 [INFO ] [db] New database client connected
2026-04-09 19:33:45 [INFO ] [db] New database client connected
2026-04-09 19:33:45 [INFO ] [db] New database client connected
2026-04-09 19:33:45 [INFO ] [db] New database client connected
2026-04-09 19:33:45 [INFO ] [express] GET /api/topics 304 in 340ms
2026-04-09 19:33:48 [INFO ] [express] GET /api/tests 304 in 95ms
2026-04-09 19:34:00 [INFO ] [app] [tryReadBinaryAsset] Looking for: assets/media/pdf-bg-1.png
2026-04-09 19:34:00 [INFO ] [app] [tryReadBinaryAsset] Found at: D:\cod\Fullstack-MVP-testing\server\scorm\assets\media\pdf-bg-1.png
2026-04-09 19:34:00 [INFO ] [app] [tryReadBinaryAsset] Looking for: assets/media/pdf-bg-2.png
2026-04-09 19:34:00 [INFO ] [app] [tryReadBinaryAsset] Found at: D:\cod\Fullstack-MVP-testing\server\scorm\assets\media\pdf-bg-2.png
2026-04-09 19:34:00 [INFO ] [app] [tryReadBinaryAsset] Looking for: assets/media/pdf-bg-3.png
2026-04-09 19:34:00 [INFO ] [app] [tryReadBinaryAsset] Found at: D:\cod\Fullstack-MVP-testing\server\scorm\assets\media\pdf-bg-3.png
2026-04-09 19:34:00 [INFO ] [app] [tryReadBinaryAsset] Looking for: assets/media/logo-light.png
2026-04-09 19:34:00 [INFO ] [app] [tryReadBinaryAsset] Found at: D:\cod\Fullstack-MVP-testing\server\scorm\assets\media\logo-light.png
2026-04-09 19:34:00 [INFO ] [app] [tryReadBinaryAsset] Looking for: assets/media/pdf-bg-1.png
2026-04-09 19:34:00 [INFO ] [app] [tryReadBinaryAsset] Found at: D:\cod\Fullstack-MVP-testing\server\scorm\assets\media\pdf-bg-1.png
2026-04-09 19:34:00 [INFO ] [app] [tryReadBinaryAsset] Looking for: assets/media/pdf-bg-2.png
2026-04-09 19:34:00 [INFO ] [app] [tryReadBinaryAsset] Found at: D:\cod\Fullstack-MVP-testing\server\scorm\assets\media\pdf-bg-2.png
2026-04-09 19:34:00 [INFO ] [app] [tryReadBinaryAsset] Looking for: assets/media/pdf-bg-3.png
2026-04-09 19:34:00 [INFO ] [app] [tryReadBinaryAsset] Found at: D:\cod\Fullstack-MVP-testing\server\scorm\assets\media\pdf-bg-3.png
2026-04-09 19:34:00 [INFO ] [app] [tryReadBinaryAsset] Looking for: assets/media/logo-light.png
2026-04-09 19:34:00 [INFO ] [app] [tryReadBinaryAsset] Found at: D:\cod\Fullstack-MVP-testing\server\scorm\assets\media\logo-light.png
2026-04-09 19:34:00 [INFO ] [scorm-export] SCORM exported: test="Простой тест 2.5" (b895cbc0-341a-4c90-82bf-eafb01fbc648) telemetry=false by user=fa8cdce6-c13f-4cc7-8bb4-42645a31c593
2026-04-09 19:34:18 [DEBUG] [db] Database client removed from pool
2026-04-09 19:34:18 [DEBUG] [db] Database client removed from pool
2026-04-09 19:34:18 [DEBUG] [db] Database client removed from pool
2026-04-09 19:34:18 [DEBUG] [db] Database client removed from pool
2026-04-09 19:34:18 [DEBUG] [db] Database client removed from pool
2026-04-09 19:34:18 [DEBUG] [db] Database client removed from pool
2026-04-09 19:34:18 [DEBUG] [db] Database client removed from pool
2026-04-09 19:34:18 [DEBUG] [db] Database client removed from pool
2026-04-09 19:34:18 [DEBUG] [db] Database client removed from pool
2026-04-09 19:34:18 [DEBUG] [db] Database client removed from pool
2026-04-09 19:34:18 [DEBUG] [db] Database client removed from pool
2026-04-09 19:34:18 [DEBUG] [db] Database client removed from pool
2026-04-09 19:34:18 [DEBUG] [db] Database client removed from pool
2026-04-09 19:34:18 [DEBUG] [db] Database client removed from pool
2026-04-09 19:34:18 [DEBUG] [db] Database client removed from pool
2026-04-09 19:34:18 [DEBUG] [db] Database client removed from pool
2026-04-09 19:34:18 [DEBUG] [db] Database client removed from pool
2026-04-09 19:34:18 [DEBUG] [db] Database client removed from pool
2026-04-09 19:34:29 [DEBUG] [db] Database client removed from pool
2026-04-09 19:34:29 [DEBUG] [db] Database client removed from pool
2026-04-09 19:34:36 [WARN ] [app] [vite] WARNING: @vite/client still present in HTML
2026-04-09 19:37:37 [INFO ] [db] Waiting for database connection...
2026-04-09 19:37:37 [INFO ] [db] New database client connected
2026-04-09 19:37:37 [INFO ] [db] Database connection established
2026-04-09 19:37:46 [INFO ] [express] serving on port 5001
2026-04-09 19:37:48 [WARN ] [app] [vite] WARNING: @vite/client still present in HTML
2026-04-09 19:37:48 [WARN ] [app] [vite] WARNING: @vite/client still present in HTML
2026-04-09 19:37:51 [INFO ] [express] GET /api/auth/me 401 in 6ms
2026-04-09 19:37:53 [INFO ] [auth] User logged in: admin@rt.ru (author) from 127.0.0.1
2026-04-09 19:37:53 [INFO ] [express] POST /api/auth/login 200 in 116ms
2026-04-09 19:37:53 [INFO ] [db] New database client connected
2026-04-09 19:37:53 [INFO ] [express] GET /api/folders 304 in 205ms
2026-04-09 19:37:54 [INFO ] [db] New database client connected
2026-04-09 19:37:54 [INFO ] [db] New database client connected
2026-04-09 19:37:54 [INFO ] [db] New database client connected
2026-04-09 19:37:54 [INFO ] [db] New database client connected
2026-04-09 19:37:54 [INFO ] [db] New database client connected
2026-04-09 19:37:54 [INFO ] [db] New database client connected
2026-04-09 19:37:54 [INFO ] [db] New database client connected
2026-04-09 19:37:54 [INFO ] [db] New database client connected
2026-04-09 19:37:54 [INFO ] [db] New database client connected
2026-04-09 19:37:54 [INFO ] [db] New database client connected
2026-04-09 19:37:54 [INFO ] [db] New database client connected
2026-04-09 19:37:54 [INFO ] [db] New database client connected
2026-04-09 19:37:54 [INFO ] [db] New database client connected
2026-04-09 19:37:54 [INFO ] [db] New database client connected
2026-04-09 19:37:54 [INFO ] [db] New database client connected
2026-04-09 19:37:54 [INFO ] [db] New database client connected
2026-04-09 19:37:54 [INFO ] [db] New database client connected
2026-04-09 19:37:54 [INFO ] [db] New database client connected
2026-04-09 19:37:54 [INFO ] [express] GET /api/topics 304 in 335ms
2026-04-09 19:37:57 [INFO ] [express] GET /api/tests 304 in 109ms
2026-04-09 19:38:05 [INFO ] [app] [tryReadBinaryAsset] Looking for: assets/media/pdf-bg-1.png
2026-04-09 19:38:05 [INFO ] [app] [tryReadBinaryAsset] Found at: D:\cod\Fullstack-MVP-testing\server\scorm\assets\media\pdf-bg-1.png
2026-04-09 19:38:05 [INFO ] [app] [tryReadBinaryAsset] Looking for: assets/media/pdf-bg-2.png
2026-04-09 19:38:05 [INFO ] [app] [tryReadBinaryAsset] Found at: D:\cod\Fullstack-MVP-testing\server\scorm\assets\media\pdf-bg-2.png
2026-04-09 19:38:05 [INFO ] [app] [tryReadBinaryAsset] Looking for: assets/media/pdf-bg-3.png
2026-04-09 19:38:05 [INFO ] [app] [tryReadBinaryAsset] Found at: D:\cod\Fullstack-MVP-testing\server\scorm\assets\media\pdf-bg-3.png
2026-04-09 19:38:05 [INFO ] [app] [tryReadBinaryAsset] Looking for: assets/media/logo-light.png
2026-04-09 19:38:05 [INFO ] [app] [tryReadBinaryAsset] Found at: D:\cod\Fullstack-MVP-testing\server\scorm\assets\media\logo-light.png
2026-04-09 19:38:05 [INFO ] [app] [tryReadBinaryAsset] Looking for: assets/media/pdf-bg-1.png
2026-04-09 19:38:05 [INFO ] [app] [tryReadBinaryAsset] Found at: D:\cod\Fullstack-MVP-testing\server\scorm\assets\media\pdf-bg-1.png
2026-04-09 19:38:05 [INFO ] [app] [tryReadBinaryAsset] Looking for: assets/media/pdf-bg-2.png
2026-04-09 19:38:05 [INFO ] [app] [tryReadBinaryAsset] Found at: D:\cod\Fullstack-MVP-testing\server\scorm\assets\media\pdf-bg-2.png
2026-04-09 19:38:05 [INFO ] [app] [tryReadBinaryAsset] Looking for: assets/media/pdf-bg-3.png
2026-04-09 19:38:05 [INFO ] [app] [tryReadBinaryAsset] Found at: D:\cod\Fullstack-MVP-testing\server\scorm\assets\media\pdf-bg-3.png
2026-04-09 19:38:05 [INFO ] [app] [tryReadBinaryAsset] Looking for: assets/media/logo-light.png
2026-04-09 19:38:05 [INFO ] [app] [tryReadBinaryAsset] Found at: D:\cod\Fullstack-MVP-testing\server\scorm\assets\media\logo-light.png
2026-04-09 19:38:06 [INFO ] [scorm-export] SCORM exported: test="Тест проверки телеметрии 3" (676cd9b9-99a0-41d3-b0e1-9e5f4fce74ad) telemetry=false by user=fa8cdce6-c13f-4cc7-8bb4-42645a31c593
2026-04-09 19:38:27 [DEBUG] [db] Database client removed from pool
2026-04-09 19:38:27 [DEBUG] [db] Database client removed from pool
2026-04-09 19:38:27 [DEBUG] [db] Database client removed from pool
2026-04-09 19:38:27 [DEBUG] [db] Database client removed from pool
2026-04-09 19:38:27 [DEBUG] [db] Database client removed from pool
2026-04-09 19:38:27 [DEBUG] [db] Database client removed from pool
2026-04-09 19:38:27 [DEBUG] [db] Database client removed from pool
2026-04-09 19:38:27 [DEBUG] [db] Database client removed from pool
2026-04-09 19:38:27 [DEBUG] [db] Database client removed from pool
2026-04-09 19:38:27 [DEBUG] [db] Database client removed from pool
2026-04-09 19:38:27 [DEBUG] [db] Database client removed from pool
2026-04-09 19:38:27 [DEBUG] [db] Database client removed from pool
2026-04-09 19:38:27 [DEBUG] [db] Database client removed from pool
2026-04-09 19:38:27 [DEBUG] [db] Database client removed from pool
2026-04-09 19:38:27 [DEBUG] [db] Database client removed from pool
2026-04-09 19:38:27 [DEBUG] [db] Database client removed from pool
2026-04-09 19:38:27 [DEBUG] [db] Database client removed from pool
2026-04-09 19:38:35 [DEBUG] [db] Database client removed from pool
2026-04-09 19:38:35 [DEBUG] [db] Database client removed from pool
2026-04-09 19:38:35 [DEBUG] [db] Database client removed from pool
2026-04-09 19:39:39 [INFO ] [db] Waiting for database connection...
2026-04-09 19:39:39 [INFO ] [db] New database client connected
2026-04-09 19:39:39 [INFO ] [db] Database connection established
2026-04-09 19:39:40 [INFO ] [express] serving on port 5001
2026-04-09 19:39:41 [WARN ] [app] [vite] WARNING: @vite/client still present in HTML, context: <!DOCTYPE html>
<html lang="en">
  <head>
    <script type="module">
import { createHotContext } from "/@vite/client";
const hot = createHotContext("/__dummy__runtime-error-plugin");

function sendError(error) {
  if (!(error instanceof Error)) {
    err
2026-04-09 19:39:41 [WARN ] [app] [vite] WARNING: @vite/client still present in HTML, context: <!DOCTYPE html>
<html lang="en">
  <head>
    <script type="module">
import { createHotContext } from "/@vite/client";
const hot = createHotContext("/__dummy__runtime-error-plugin");

function sendError(error) {
  if (!(error instanceof Error)) {
    err
2026-04-09 19:39:53 [WARN ] [app] [vite] WARNING: @vite/client still present in HTML, context: <!DOCTYPE html>
<html lang="en">
  <head>
    <script type="module">
import { createHotContext } from "/@vite/client";
const hot = createHotContext("/__dummy__runtime-error-plugin");

function sendError(error) {
  if (!(error instanceof Error)) {
    err
2026-04-09 19:39:54 [INFO ] [express] GET /api/auth/me 401 in 4ms
2026-04-09 19:39:57 [INFO ] [auth] User logged in: admin@rt.ru (author) from 127.0.0.1
2026-04-09 19:39:57 [INFO ] [express] POST /api/auth/login 200 in 104ms
2026-04-09 19:39:57 [INFO ] [db] New database client connected
2026-04-09 19:39:57 [INFO ] [db] New database client connected
2026-04-09 19:39:57 [INFO ] [express] GET /api/folders 304 in 157ms
2026-04-09 19:39:57 [INFO ] [db] New database client connected
2026-04-09 19:39:57 [INFO ] [db] New database client connected
2026-04-09 19:39:57 [INFO ] [db] New database client connected
2026-04-09 19:39:57 [INFO ] [db] New database client connected
2026-04-09 19:39:57 [INFO ] [db] New database client connected
2026-04-09 19:39:57 [INFO ] [db] New database client connected
2026-04-09 19:39:57 [INFO ] [db] New database client connected
2026-04-09 19:39:57 [INFO ] [db] New database client connected
2026-04-09 19:39:57 [INFO ] [db] New database client connected
2026-04-09 19:39:57 [INFO ] [db] New database client connected
2026-04-09 19:39:57 [INFO ] [db] New database client connected
2026-04-09 19:39:57 [INFO ] [db] New database client connected
2026-04-09 19:39:57 [INFO ] [db] New database client connected
2026-04-09 19:39:57 [INFO ] [db] New database client connected
2026-04-09 19:39:57 [INFO ] [db] New database client connected
2026-04-09 19:39:57 [INFO ] [db] New database client connected
2026-04-09 19:39:57 [INFO ] [db] New database client connected
2026-04-09 19:39:57 [INFO ] [express] GET /api/topics 304 in 325ms
2026-04-09 19:40:00 [INFO ] [express] GET /api/tests 304 in 59ms
2026-04-09 19:40:06 [INFO ] [app] [tryReadBinaryAsset] Looking for: assets/media/pdf-bg-1.png
2026-04-09 19:40:06 [INFO ] [app] [tryReadBinaryAsset] Found at: D:\cod\Fullstack-MVP-testing\server\scorm\assets\media\pdf-bg-1.png
2026-04-09 19:40:06 [INFO ] [app] [tryReadBinaryAsset] Looking for: assets/media/pdf-bg-2.png
2026-04-09 19:40:06 [INFO ] [app] [tryReadBinaryAsset] Found at: D:\cod\Fullstack-MVP-testing\server\scorm\assets\media\pdf-bg-2.png
2026-04-09 19:40:06 [INFO ] [app] [tryReadBinaryAsset] Looking for: assets/media/pdf-bg-3.png
2026-04-09 19:40:06 [INFO ] [app] [tryReadBinaryAsset] Found at: D:\cod\Fullstack-MVP-testing\server\scorm\assets\media\pdf-bg-3.png
2026-04-09 19:40:06 [INFO ] [app] [tryReadBinaryAsset] Looking for: assets/media/logo-light.png
2026-04-09 19:40:06 [INFO ] [app] [tryReadBinaryAsset] Found at: D:\cod\Fullstack-MVP-testing\server\scorm\assets\media\logo-light.png
2026-04-09 19:40:06 [INFO ] [app] [tryReadBinaryAsset] Looking for: assets/media/pdf-bg-1.png
2026-04-09 19:40:06 [INFO ] [app] [tryReadBinaryAsset] Found at: D:\cod\Fullstack-MVP-testing\server\scorm\assets\media\pdf-bg-1.png
2026-04-09 19:40:06 [INFO ] [app] [tryReadBinaryAsset] Looking for: assets/media/pdf-bg-2.png
2026-04-09 19:40:06 [INFO ] [app] [tryReadBinaryAsset] Found at: D:\cod\Fullstack-MVP-testing\server\scorm\assets\media\pdf-bg-2.png
2026-04-09 19:40:06 [INFO ] [app] [tryReadBinaryAsset] Looking for: assets/media/pdf-bg-3.png
2026-04-09 19:40:06 [INFO ] [app] [tryReadBinaryAsset] Found at: D:\cod\Fullstack-MVP-testing\server\scorm\assets\media\pdf-bg-3.png
2026-04-09 19:40:06 [INFO ] [app] [tryReadBinaryAsset] Looking for: assets/media/logo-light.png
2026-04-09 19:40:06 [INFO ] [app] [tryReadBinaryAsset] Found at: D:\cod\Fullstack-MVP-testing\server\scorm\assets\media\logo-light.png
2026-04-09 19:40:07 [INFO ] [scorm-export] SCORM exported: test="Простой тест 2.5" (b895cbc0-341a-4c90-82bf-eafb01fbc648) telemetry=false by user=fa8cdce6-c13f-4cc7-8bb4-42645a31c593
2026-04-09 19:40:30 [DEBUG] [db] Database client removed from pool
2026-04-09 19:40:30 [DEBUG] [db] Database client removed from pool
2026-04-09 19:40:30 [DEBUG] [db] Database client removed from pool
2026-04-09 19:40:30 [DEBUG] [db] Database client removed from pool
2026-04-09 19:40:30 [DEBUG] [db] Database client removed from pool
2026-04-09 19:40:30 [DEBUG] [db] Database client removed from pool
2026-04-09 19:40:30 [DEBUG] [db] Database client removed from pool
2026-04-09 19:40:30 [DEBUG] [db] Database client removed from pool
2026-04-09 19:40:30 [DEBUG] [db] Database client removed from pool
2026-04-09 19:40:30 [DEBUG] [db] Database client removed from pool
2026-04-09 19:40:30 [DEBUG] [db] Database client removed from pool
2026-04-09 19:40:30 [DEBUG] [db] Database client removed from pool
2026-04-09 19:40:30 [DEBUG] [db] Database client removed from pool
2026-04-09 19:40:30 [DEBUG] [db] Database client removed from pool
2026-04-09 19:40:30 [DEBUG] [db] Database client removed from pool
2026-04-09 19:40:30 [DEBUG] [db] Database client removed from pool
2026-04-09 19:40:30 [DEBUG] [db] Database client removed from pool
2026-04-09 19:40:30 [DEBUG] [db] Database client removed from pool
2026-04-09 19:40:36 [DEBUG] [db] Database client removed from pool
2026-04-09 19:40:36 [DEBUG] [db] Database client removed from pool
2026-04-09 19:41:27 [INFO ] [db] Waiting for database connection...
2026-04-09 19:41:27 [INFO ] [db] New database client connected
2026-04-09 19:41:27 [INFO ] [db] Database connection established
2026-04-09 19:41:28 [INFO ] [express] serving on port 5001
2026-04-09 19:41:31 [INFO ] [express] GET /api/auth/me 401 in 4ms
2026-04-09 19:41:33 [INFO ] [auth] User logged in: admin@rt.ru (author) from 127.0.0.1
2026-04-09 19:41:33 [INFO ] [express] POST /api/auth/login 200 in 107ms
2026-04-09 19:41:33 [INFO ] [express] GET /api/folders 304 in 91ms
2026-04-09 19:41:33 [INFO ] [db] New database client connected
2026-04-09 19:41:33 [INFO ] [db] New database client connected
2026-04-09 19:41:33 [INFO ] [db] New database client connected
2026-04-09 19:41:33 [INFO ] [db] New database client connected
2026-04-09 19:41:33 [INFO ] [db] New database client connected
2026-04-09 19:41:33 [INFO ] [db] New database client connected
2026-04-09 19:41:33 [INFO ] [db] New database client connected
2026-04-09 19:41:33 [INFO ] [db] New database client connected
2026-04-09 19:41:33 [INFO ] [db] New database client connected
2026-04-09 19:41:33 [INFO ] [db] New database client connected
2026-04-09 19:41:33 [INFO ] [db] New database client connected
2026-04-09 19:41:33 [INFO ] [db] New database client connected
2026-04-09 19:41:33 [INFO ] [db] New database client connected
2026-04-09 19:41:33 [INFO ] [db] New database client connected
2026-04-09 19:41:33 [INFO ] [db] New database client connected
2026-04-09 19:41:33 [INFO ] [db] New database client connected
2026-04-09 19:41:33 [INFO ] [db] New database client connected
2026-04-09 19:41:33 [INFO ] [db] New database client connected
2026-04-09 19:41:33 [INFO ] [db] New database client connected
2026-04-09 19:41:33 [INFO ] [express] GET /api/topics 304 in 337ms
2026-04-09 19:42:03 [INFO ] [express] GET /api/tests 304 in 82ms
2026-04-09 19:42:06 [INFO ] [app] [tryReadBinaryAsset] Looking for: assets/media/pdf-bg-1.png
2026-04-09 19:42:06 [INFO ] [app] [tryReadBinaryAsset] Found at: D:\cod\Fullstack-MVP-testing\server\scorm\assets\media\pdf-bg-1.png
2026-04-09 19:42:06 [INFO ] [app] [tryReadBinaryAsset] Looking for: assets/media/pdf-bg-2.png
2026-04-09 19:42:06 [INFO ] [app] [tryReadBinaryAsset] Found at: D:\cod\Fullstack-MVP-testing\server\scorm\assets\media\pdf-bg-2.png
2026-04-09 19:42:06 [INFO ] [app] [tryReadBinaryAsset] Looking for: assets/media/pdf-bg-3.png
2026-04-09 19:42:06 [INFO ] [app] [tryReadBinaryAsset] Found at: D:\cod\Fullstack-MVP-testing\server\scorm\assets\media\pdf-bg-3.png
2026-04-09 19:42:06 [INFO ] [app] [tryReadBinaryAsset] Looking for: assets/media/logo-light.png
2026-04-09 19:42:06 [INFO ] [app] [tryReadBinaryAsset] Found at: D:\cod\Fullstack-MVP-testing\server\scorm\assets\media\logo-light.png
2026-04-09 19:42:06 [INFO ] [app] [tryReadBinaryAsset] Looking for: assets/media/pdf-bg-1.png
2026-04-09 19:42:06 [INFO ] [app] [tryReadBinaryAsset] Found at: D:\cod\Fullstack-MVP-testing\server\scorm\assets\media\pdf-bg-1.png
2026-04-09 19:42:06 [INFO ] [app] [tryReadBinaryAsset] Looking for: assets/media/pdf-bg-2.png
2026-04-09 19:42:06 [INFO ] [app] [tryReadBinaryAsset] Found at: D:\cod\Fullstack-MVP-testing\server\scorm\assets\media\pdf-bg-2.png
2026-04-09 19:42:06 [INFO ] [app] [tryReadBinaryAsset] Looking for: assets/media/pdf-bg-3.png
2026-04-09 19:42:06 [INFO ] [app] [tryReadBinaryAsset] Found at: D:\cod\Fullstack-MVP-testing\server\scorm\assets\media\pdf-bg-3.png
2026-04-09 19:42:06 [INFO ] [app] [tryReadBinaryAsset] Looking for: assets/media/logo-light.png
2026-04-09 19:42:06 [INFO ] [app] [tryReadBinaryAsset] Found at: D:\cod\Fullstack-MVP-testing\server\scorm\assets\media\logo-light.png
2026-04-09 19:42:07 [INFO ] [scorm-export] SCORM exported: test="Тест проверки телеметрии 3" (676cd9b9-99a0-41d3-b0e1-9e5f4fce74ad) telemetry=false by user=fa8cdce6-c13f-4cc7-8bb4-42645a31c593
2026-04-09 19:42:33 [DEBUG] [db] Database client removed from pool
2026-04-09 19:42:33 [DEBUG] [db] Database client removed from pool
2026-04-09 19:42:33 [DEBUG] [db] Database client removed from pool
2026-04-09 19:42:33 [DEBUG] [db] Database client removed from pool
2026-04-09 19:42:33 [DEBUG] [db] Database client removed from pool
2026-04-09 19:42:33 [DEBUG] [db] Database client removed from pool
2026-04-09 19:42:33 [DEBUG] [db] Database client removed from pool
2026-04-09 19:42:33 [DEBUG] [db] Database client removed from pool
2026-04-09 19:42:33 [DEBUG] [db] Database client removed from pool
2026-04-09 19:42:33 [DEBUG] [db] Database client removed from pool
2026-04-09 19:42:33 [DEBUG] [db] Database client removed from pool
2026-04-09 19:42:33 [DEBUG] [db] Database client removed from pool
2026-04-09 19:42:33 [DEBUG] [db] Database client removed from pool
2026-04-09 19:42:33 [DEBUG] [db] Database client removed from pool
2026-04-09 19:42:33 [DEBUG] [db] Database client removed from pool
2026-04-09 19:42:33 [DEBUG] [db] Database client removed from pool
2026-04-09 19:42:33 [DEBUG] [db] Database client removed from pool
2026-04-09 19:42:36 [DEBUG] [db] Database client removed from pool
2026-04-09 19:42:36 [DEBUG] [db] Database client removed from pool
2026-04-09 19:42:36 [DEBUG] [db] Database client removed from pool
2026-04-09 19:43:54 [INFO ] [db] Waiting for database connection...
2026-04-09 19:43:54 [INFO ] [db] New database client connected
2026-04-09 19:43:54 [INFO ] [db] Database connection established
2026-04-09 19:43:58 [INFO ] [db] Waiting for database connection...
2026-04-09 19:43:58 [INFO ] [db] New database client connected
2026-04-09 19:43:58 [INFO ] [db] Database connection established
2026-04-09 19:43:59 [INFO ] [express] serving on port 5001
2026-04-09 19:44:05 [INFO ] [express] GET /api/auth/me 401 in 4ms
2026-04-09 19:44:07 [INFO ] [auth] User logged in: admin@rt.ru (author) from 127.0.0.1
2026-04-09 19:44:07 [INFO ] [express] POST /api/auth/login 200 in 106ms
2026-04-09 19:44:07 [INFO ] [db] New database client connected
2026-04-09 19:44:07 [INFO ] [express] GET /api/folders 304 in 133ms
2026-04-09 19:44:07 [INFO ] [db] New database client connected
2026-04-09 19:44:07 [INFO ] [db] New database client connected
2026-04-09 19:44:07 [INFO ] [db] New database client connected
2026-04-09 19:44:07 [INFO ] [db] New database client connected
2026-04-09 19:44:07 [INFO ] [db] New database client connected
2026-04-09 19:44:07 [INFO ] [db] New database client connected
2026-04-09 19:44:07 [INFO ] [db] New database client connected
2026-04-09 19:44:07 [INFO ] [db] New database client connected
2026-04-09 19:44:07 [INFO ] [db] New database client connected
2026-04-09 19:44:07 [INFO ] [db] New database client connected
2026-04-09 19:44:07 [INFO ] [db] New database client connected
2026-04-09 19:44:07 [INFO ] [db] New database client connected
2026-04-09 19:44:07 [INFO ] [db] New database client connected
2026-04-09 19:44:07 [INFO ] [db] New database client connected
2026-04-09 19:44:07 [INFO ] [db] New database client connected
2026-04-09 19:44:07 [INFO ] [db] New database client connected
2026-04-09 19:44:07 [INFO ] [db] New database client connected
2026-04-09 19:44:07 [INFO ] [db] New database client connected
2026-04-09 19:44:07 [INFO ] [express] GET /api/topics 304 in 306ms
2026-04-09 19:44:14 [INFO ] [express] GET /api/tests 304 in 58ms
2026-04-09 19:44:18 [INFO ] [app] [tryReadBinaryAsset] Looking for: assets/media/pdf-bg-1.png
2026-04-09 19:44:18 [INFO ] [app] [tryReadBinaryAsset] Found at: D:\cod\Fullstack-MVP-testing\server\scorm\assets\media\pdf-bg-1.png
2026-04-09 19:44:18 [INFO ] [app] [tryReadBinaryAsset] Looking for: assets/media/pdf-bg-2.png
2026-04-09 19:44:18 [INFO ] [app] [tryReadBinaryAsset] Found at: D:\cod\Fullstack-MVP-testing\server\scorm\assets\media\pdf-bg-2.png
2026-04-09 19:44:18 [INFO ] [app] [tryReadBinaryAsset] Looking for: assets/media/pdf-bg-3.png
2026-04-09 19:44:18 [INFO ] [app] [tryReadBinaryAsset] Found at: D:\cod\Fullstack-MVP-testing\server\scorm\assets\media\pdf-bg-3.png
2026-04-09 19:44:18 [INFO ] [app] [tryReadBinaryAsset] Looking for: assets/media/logo-light.png
2026-04-09 19:44:18 [INFO ] [app] [tryReadBinaryAsset] Found at: D:\cod\Fullstack-MVP-testing\server\scorm\assets\media\logo-light.png
2026-04-09 19:44:18 [INFO ] [app] [tryReadBinaryAsset] Looking for: assets/media/pdf-bg-1.png
2026-04-09 19:44:18 [INFO ] [app] [tryReadBinaryAsset] Found at: D:\cod\Fullstack-MVP-testing\server\scorm\assets\media\pdf-bg-1.png
2026-04-09 19:44:18 [INFO ] [app] [tryReadBinaryAsset] Looking for: assets/media/pdf-bg-2.png
2026-04-09 19:44:18 [INFO ] [app] [tryReadBinaryAsset] Found at: D:\cod\Fullstack-MVP-testing\server\scorm\assets\media\pdf-bg-2.png
2026-04-09 19:44:18 [INFO ] [app] [tryReadBinaryAsset] Looking for: assets/media/pdf-bg-3.png
2026-04-09 19:44:18 [INFO ] [app] [tryReadBinaryAsset] Found at: D:\cod\Fullstack-MVP-testing\server\scorm\assets\media\pdf-bg-3.png
2026-04-09 19:44:18 [INFO ] [app] [tryReadBinaryAsset] Looking for: assets/media/logo-light.png
2026-04-09 19:44:18 [INFO ] [app] [tryReadBinaryAsset] Found at: D:\cod\Fullstack-MVP-testing\server\scorm\assets\media\logo-light.png
2026-04-09 19:44:18 [INFO ] [scorm-export] SCORM exported: test="Простой тест 2.5" (b895cbc0-341a-4c90-82bf-eafb01fbc648) telemetry=false by user=fa8cdce6-c13f-4cc7-8bb4-42645a31c593
2026-04-09 19:44:44 [DEBUG] [db] Database client removed from pool
2026-04-09 19:44:44 [DEBUG] [db] Database client removed from pool
2026-04-09 19:44:44 [DEBUG] [db] Database client removed from pool
2026-04-09 19:44:44 [DEBUG] [db] Database client removed from pool
2026-04-09 19:44:44 [DEBUG] [db] Database client removed from pool
2026-04-09 19:44:44 [DEBUG] [db] Database client removed from pool
2026-04-09 19:44:44 [DEBUG] [db] Database client removed from pool
2026-04-09 19:44:44 [DEBUG] [db] Database client removed from pool
2026-04-09 19:44:44 [DEBUG] [db] Database client removed from pool
2026-04-09 19:44:44 [DEBUG] [db] Database client removed from pool
2026-04-09 19:44:44 [DEBUG] [db] Database client removed from pool
2026-04-09 19:44:44 [DEBUG] [db] Database client removed from pool
2026-04-09 19:44:44 [DEBUG] [db] Database client removed from pool
2026-04-09 19:44:44 [DEBUG] [db] Database client removed from pool
2026-04-09 19:44:44 [DEBUG] [db] Database client removed from pool
2026-04-09 19:44:44 [DEBUG] [db] Database client removed from pool
2026-04-09 19:44:44 [DEBUG] [db] Database client removed from pool
2026-04-09 19:44:44 [DEBUG] [db] Database client removed from pool
2026-04-09 19:44:48 [DEBUG] [db] Database client removed from pool
2026-04-09 19:44:48 [DEBUG] [db] Database client removed from pool
